// Jest Snapshot v1, https://goo.gl/fbAQLP

exports[`Hero should match the snapshot 1`] = `
<div
  className="MuiBox-root css-ehgow7"
>
  <h1
    className="MuiTypography-root MuiTypography-h1 css-o2w69a-MuiTypography-root"
  >
    HotelsFindr
  </h1>
  <h2
    className="MuiTypography-root MuiTypography-h2 css-1sra7t5-MuiTypography-root"
  >
    This is a place for a great catchphrase
  </h2>
</div>
`;
